{"hlTxLogs":"WKdzMeFPucYvH8nfIMsGsLxv42H4wc8SxZpiewfbIIk","hlCommandResult":{"status":"success","data":{"i":null,"lit":3}}}