- output: 0iVVgqChRjWJEUfdE1kCZ5C-JvieSAFdrbDZqbPbD_Y
  cmd: coinbase
- output: iyBLy00VdTOws2_ApZNNtB8pKtQDhARrfOUS0_ZIW1c
  cmd:
    tag: Code
    contents: (test1.create-global-accounts)
