- output: jStq6rDpJEAmii89rfeK30WjC2PEKlVk3qtLCdc_gUA
  cmd: coinbase
- output: nV7h5p8-b2MaO2bKHT4rWybypZozBK3n_rNYJDnY8o0
  cmd:
    tag: Code
    contents: (create-table test1.accounts)
