TwJAEodebdS-G0YuQqor6zwPMn4lCWsVc7Q63WPoGec=ETX_BAavDxPCIZdFYCWOkPG-5REn1vHT1X9Es2Vo_zE=DEjQXJiIsQju5fAxj7G8frsC3v1SgmJ377s0diKU_kA=jmBXNGkM12ARvy2Lhli5Q3W83vxODPFAtC3vRe46Zlk=2dpCLYxlHl8dfXojAxV-1ewuqMEt-EnCLmHpwG6jau0=WVM9d79KJu8XdREvDnqrM9Ll2G6tVY1jPcWfQIPjnlY=F4KGQMgJu-EqAXB1CqoI0UfGS3O7WT8Z5LusZiGBz9Y=smMtsqCU934V_qr_OHmQ6bCgoDzjyQp8T5reEIr1B-4=6I7W-7ZBOGkt7pZh3871sl66UQC5WpPuKjBYgv3FLU8=aPF6d059CxX4EdgmnGpnupOB9A0Yylkmua-fBTzmY7Y=iPYNfepzCiE7T85GsWMPMUDl-hfiVHSGJRBfgbau5bU=xeZqEbpnRv3t-VSW5_89-vFxzXHa2fEdOjQzfI-JpfE=ApmosuyVUE20RcALnzgrlAnGqFU2JMqjefwu2O9IaZE=t49fr8CeYvt3PRWOml61oeSzbAm5Si0QSM0s-qQC6xM=6p-QaQbBPUJRsOGF3qe2TwHTh1HUtByOPctozUq1WqU=b2UOAaqBOAeVKpEQbSHh8e6Zy1ELNr3sYhu9HFIE_YE=dCq1INsNP1eSJwVnhsCi4RQqbUr8LOU25L6R1hNXtnE=ylDQ0sowiZ6eK_EfCZTw4a5cHyT5vfdMubs_iOygKT8=DpM9NTr8gjd9DqMDZOkY-0byQQegRawSXtPueO51bDc=t76ePcsrJJEwKyLnVmCcQdAEw-wn3yuExd1ykJfhu1c=