test-group: new-block
results:
  transactions: []
  minerData: eyJtIjoiTm9NaW5lciIsImtzIjpbXSwia3AiOiI8In0
  transactionsHash: 0SJr05jGkgSIy2cVoCcLDTqGc754cLJ609OAwqnmaXM
  outputsHash: MAU0A5NYwrdsMFus8t61sbys2pSNYPJEck6LR_LVtOE
  payloadHash: 34C8uLbZbTTFoVilD-C4r9s6mB_WAPn90tTMh3ppjQ4
  coinbase: eyJnYXMiOjAsInJlc3VsdCI6eyJzdGF0dXMiOiJzdWNjZXNzIiwiZGF0YSI6IldyaXRlIHN1Y2NlZWRlZCJ9LCJyZXFLZXkiOiJJbmRHVFVNelJGVkxRbWhXUm10cVduZDFlbDlIVmtFeGJqUjJkREp1TkVOQmR5MU1Sa05xVVVWVFdEQWkiLCJsb2dzIjoieEIwZXFOby0tWE9YcHlpaElTaThnVVU5QXNOaG1zMG4yS3pRdWktYkdycyIsIm1ldGFEYXRhIjpudWxsLCJjb250aW51YXRpb24iOm51bGwsInR4SWQiOjN9
