test-group: local
results:
  status: success
  data:
    obj:
      amount:
        i: null
        lit: 1000000
      data:
        i: null
        lit: Created account
      balance:
        i: null
        lit: 1000000
      account:
        i: null
        lit: Acct1
    type: '*'
    i: null
