uDP7rChp7HkHc20bb6_Y85Ii8KMWFsHrnJeZP_V7zx0=Cmla1hl15dStrhhD0rlYqbksSWwFggXMM1u6HxOWe2g=svFYRf2yTgY4diqC37RaBAE6zk9rGF6KlWXSFlMefF0=vhwyL-muG-WyfCIgeQLq8fUFPrJ5bOgA8m7yiPxwmQE=NrVvw6jors0ZMam1J5nxeBPzqAsc8EkVUnhmun7PmJU=YARQD_NjIecCkaHvayMsGQ2k5hPP9jvTpUGZM_A00GM=FEMoAsl0KsLbanD6SO2aaPOBU795YCQVmG-hij70Qg4=RiE06kRYQkv-E02HD-NXp3t9juWSjJCJuI7BdIcS2Oc=ezlTSp-IdLxzu1M-6LGDu_sz9uFpyRYNkNlk_HI0aeE=8oy3hRIOEoAs--O51qTunwT1VYW_42o3o-7cST9k_nE=NVhHfKJZOdXIwlacCefqTZBv3J7bgk9OjYDv6NPV9LE=-1bjQeSpnaQ4YxGDgmzz69eUsgZ_WOIdW7GLFejcDp4=Z0FUcWp9ozizg4QY208Sf4ZNnGw2Bz_mMCKS3mPQVDQ=yWaBA-aH322hbK7m-2mRM3KZg6RwAXsYsHjPmn7Acf0=AIKOQSEpSRm7o0BsSSqPlXt4eiOkkhG4zKNAhphzMg4=j8iadi0g-HQtEwZOj2lbPMis4j0oUhu-Y8897_4DIYA=m9ZeD9nKl-9g73FoEuao-UesBpJ0DtnPl47Tdf8tKcQ=uwo5Zp0NrxSRSZGwrJBv11d-n7uWei7G3a_1AFuJORU=DqjCUTka9C45lumieLIEM_svn60cpvwmCKLa-70u1Yw=op2F151-fDNaBhk4DGsnDL4aA8Sw9lwvA6LPT7NHKRU=