A95hIZabGyYfUwrUw87-Dl5HssXQvpVNCHNnwfBUwWQ=bYmQRTidJJm5PY9TWrlxNEWg1F_C5_q1GJKzJ1DZoP0=jGvfSZWOSnWQpodW-MjOwHhKzcB9k026CpOGhxvYkEQ=erukb3kEjdonRh9yYARvKzrcHTSHqX8OTzX_XM3ly6A=aYFwbaYFQB9pAuRvfpSqMa_eoDn5aeUL3olm_APc4wA=KuD1Kg_J3LowL0i_q6N1TbzgIgVrY9udp4iMm5gn5ik=prtQvhUDVWtB6j9QhzjfNdYW8updN2JLsYNkQY_3bVE=E3xMJ1fXfabOk2Ib2ROrCF-zbn6YupIqohm9ioCEdks=TbLBOpZNAr96m-2hajUvgGeYtCQWX9Nq1jgSxieICME=hNIrkn87dvn7NV1OKMPYY6hRPpGWQ7Mbk0SJXylOYZM=