k5SvOW-6zE0ukelpw4SkeqWx2_o3hflWKNjdFz6gP4A=hnZtzd6Evm7JtgnWDKt_--dLB8D6oVsFI44jdoWSWBc=rf6aeQimhQxInzbxkqiwRqsGETFr_WxCM1b_BP3Dxm0=7WBlJ1Jvdpk89mS5fyYoFja17sOe5Rk0Z8rNf8N8GO0=fFxO8djwHQYDQT-QrkK93yA8nM5HYn8g6eZcU1wvfOI=W_uy8GTZyPXCGj8tqDxlqe4UiZEoEIUKn9c74YpMrgg=ID_HzE9nl--M69S7f64_rlpKIg6c8QD_xbd8V3y1yUw=_NGvl5s0g21QZ2WZs-XrYNRUeUUXt-_I8xaYfGCvLUs=zGw8sGDcpZ7_m4UHbHmMT1xTL_02ucXxeTTeE8PaUsc=eXOZ3ij3rILDB3xo9wFOwL802sLRYrOT1t5eMx_QIHs=KptS7qySH1xEzmUd3aduLGiaxRQZ5fEAOw91NR_O6mg=12jAPRFvmsmxpeIfXnBTodGOS14xAgNGOVqCSzOPSs8=leP8R3e3G3-kPhx-s7IyuFRGqP7H_C4_Y35gp7_ey9c=EJyqajATvlMHzS4vpZ8hYb8kAc3msfOQ1ZSMioOj66Y=2hAxD9YlnV8BsXvWaQ6n77Jr_lwuZBFBlrJCM4CNHbM=oRjhQYnFhASnQu97AzH3Mgo_k3qDeV5J6DeEOzp6Bfo=6BYJHj8r_7hr9oaDvxyRN1s4oW9yKSmtANdNfZ7UnwA=pR1e8BI1bVfICNMwNwfFpVR8uwE1JfEV7jig2XJspYo=CjepgwxK4ks-p_U1qeFUfiY8yX6bcNZnFAgAJUl36Kw=yMurUee9FalWslsReDG4G0c-5txTxoh8k5GWhqDfb7Y=