- output: Bxr-JOBzKvaXtODcQB3OHfWsuVjgdos_9C4KWLpiKSo
  cmd: coinbase
- output: OvNU5rwgitMRfegpBwt_zeb86BDk7MZtW03CCeRH2uo
  cmd:
    tag: Code
    contents: (test1.transfer "Acct1" "Acct2" 1.00)
